
> dino-tycoon@0.1.0 build
> tsc --noEmit && vite build

fatal: not a git repository (or any parent up to mount point /Volumes)
Stopping at filesystem boundary (GIT_DISCOVERY_ACROSS_FILESYSTEM not set).
vite v6.4.3 building for production...
transforming...
✓ 94 modules transformed.
rendering chunks...
computing gzip size...
dist/manifest.webmanifest                            0.48 kB
dist/index.html                                     11.79 kB │ gzip:   2.77 kB
dist/assets/index-D4H7SGGu.css                      32.65 kB │ gzip:   7.21 kB
dist/assets/workbox-window.prod.es5-BBnX5xw4.js      5.75 kB │ gzip:   2.36 kB
dist/assets/rags-Bjn8Xqv_.js                       134.37 kB │ gzip:  21.90 kB
dist/assets/index--Tp1ASGq.js                    1,816.23 kB │ gzip: 460.37 kB
✓ built in 5.36s

PWA v1.3.0
mode      generateSW
precache  14 entries (2031.37 KiB)
files generated
  dist/sw.js
  dist/workbox-35e397ac.js
